navaneeth@Droidbuddha:~$ cd  /home/navaneeth/tensorflow
navaneeth@Droidbuddha:~/tensorflow$  python tensorflow/examoles/image_retraining/retrain.py \
> --bottleneck_dir=tf_files/bottlenecks \
> --how_many_training_steps 500 \
> --model_dir=/tf_files/inception \
> --output_graph=/tf_files/retrained_graph.pb \
> --output_labels=/tf_files/retrained_graph.pb \
> ^C
navaneeth@Droidbuddha:~/tensorflow$ python tensorflow/examoles/image_retraining/retrain.py \
> 
python: can't open file 'tensorflow/examoles/image_retraining/retrain.py': [Errno 2] No such file or directory
navaneeth@Droidbuddha:~/tensorflow$ python tensorflow/examoles/image_retraining/retrain.py \
> ^C
navaneeth@Droidbuddha:~/tensorflow$ python tensorflow/examples/image_retraining/retrain.py \
> --bottleneck_dir=tf_files/bottlenecks \
> --how_many_training_steps 500 \
> --model_dir=/tf_files/inception \
> --output_graph=/tf_files/retrained_graph.pb \
> --output_labels=/tf_files/retrained_labels.txt \
> --image_dir /tf_files/star_wars

ERROR:tensorflow:Image directory '/tf_files/star_wars' not found.
Traceback (most recent call last):
  File "tensorflow/examples/image_retraining/retrain.py", line 1486, in <module>
    tf.app.run(main=main, argv=[sys.argv[0]] + unparsed)
  File "/usr/local/lib/python2.7/dist-packages/tensorflow/python/platform/app.py", line 126, in run
    _sys.exit(main(argv))
  File "tensorflow/examples/image_retraining/retrain.py", line 1138, in main
    class_count = len(image_lists.keys())
AttributeError: 'NoneType' object has no attribute 'keys'
navaneeth@Droidbuddha:~/tensorflow$ 
navaneeth@Droidbuddha:~/tensorflow$ python tensorflow/examples/image_retraining/retrain.py --bottleneck_dir=tf_files/bottlenecks --how_many_training_steps 500 --model_dir=/tf_files/inception --output_graph=/tf_files/retrained_graph.pb --output_labels=/tf_files/retrained_labels.txt --image_dir //home/navaneeth/tf_files/star_wars 
INFO:tensorflow:Looking for images in 'darth vader'
ERROR:tensorflow:Only one valid folder of images found at //home/navaneeth/tf_files/star_wars - multiple classes are needed for classification.
navaneeth@Droidbuddha:~/tensorflow$ sudo python tensorflow/examples/image_retraining/retrain.py --bottleneck_dir=tf_files/bottlenecks --how_many_training_steps 500 --model_dir=/tf_files/inception --output_graph=/tf_files/retrained_graph.pb --output_labels=/tf_files/retrained_labels.txt --image_dir //home/navaneeth/tf_files/star_wars 
[sudo] password for navaneeth: 
INFO:tensorflow:Looking for images in 'darth vader'
ERROR:tensorflow:Only one valid folder of images found at //home/navaneeth/tf_files/star_wars - multiple classes are needed for classification.
navaneeth@Droidbuddha:~/tensorflow$ sudo python tensorflow/examples/image_retraining/retrain.py --bottleneck_dir=tf_files/bottlenecks --how_many_training_steps 500 --model_dir=/tf_files/inception --output_graph=/tf_files/retrained_graph.pb --output_labels=/tf_files/retrained_labels.txt --image_dir //home/navaneeth/tf_files/star_wars 
INFO:tensorflow:Looking for images in 'darth vader'
INFO:tensorflow:Looking for images in 'minions'
>> Downloading inception-2015-12-05.tgz 100.0%
INFO:tensorflow:Successfully downloaded inception-2015-12-05.tgz 88931400 bytes.
Extracting file from  /tf_files/inception/inception-2015-12-05.tgz
Model path:  /tf_files/inception/classify_image_graph_def.pb
2018-04-06 15:02:30.260938: I tensorflow/core/platform/cpu_feature_guard.cc:140] Your CPU supports instructions that this TensorFlow binary was not compiled to use: AVX2 FMA
INFO:tensorflow:Creating bottleneck at tf_files/bottlenecks/minions/images (9).jpg_inception_v3.txt
2018-04-06 15:02:31.062255: W tensorflow/core/framework/op_def_util.cc:343] Op BatchNormWithGlobalNormalization is deprecated. It will cease to work in GraphDef version 9. Use tf.nn.batch_normalization().
INFO:tensorflow:Creating bottleneck at tf_files/bottlenecks/minions/images (6).jpg_inception_v3.txt
INFO:tensorflow:Creating bottleneck at tf_files/bottlenecks/minions/images (2).jpg_inception_v3.txt
INFO:tensorflow:Creating bottleneck at tf_files/bottlenecks/minions/9k= (2).jpg_inception_v3.txt
INFO:tensorflow:Creating bottleneck at tf_files/bottlenecks/minions/images (12).jpg_inception_v3.txt
INFO:tensorflow:Creating bottleneck at tf_files/bottlenecks/minions/Z (4).jpg_inception_v3.txt
INFO:tensorflow:Creating bottleneck at tf_files/bottlenecks/minions/Z (1).jpg_inception_v3.txt
INFO:tensorflow:Creating bottleneck at tf_files/bottlenecks/minions/9k=.jpg_inception_v3.txt
INFO:tensorflow:Creating bottleneck at tf_files/bottlenecks/minions/2Q== (3).jpg_inception_v3.txt
INFO:tensorflow:Creating bottleneck at tf_files/bottlenecks/minions/images (13).jpg_inception_v3.txt
INFO:tensorflow:Creating bottleneck at tf_files/bottlenecks/minions/images (11).jpg_inception_v3.txt
INFO:tensorflow:Creating bottleneck at tf_files/bottlenecks/minions/images (10).jpg_inception_v3.txt
INFO:tensorflow:Creating bottleneck at tf_files/bottlenecks/minions/Z (6).jpg_inception_v3.txt
INFO:tensorflow:Creating bottleneck at tf_files/bottlenecks/minions/images (8).jpg_inception_v3.txt
INFO:tensorflow:Creating bottleneck at tf_files/bottlenecks/minions/9k= (1).jpg_inception_v3.txt
INFO:tensorflow:Creating bottleneck at tf_files/bottlenecks/minions/9k= (4).jpg_inception_v3.txt
INFO:tensorflow:Creating bottleneck at tf_files/bottlenecks/minions/images (14).jpg_inception_v3.txt
INFO:tensorflow:Creating bottleneck at tf_files/bottlenecks/minions/Z (2).jpg_inception_v3.txt
INFO:tensorflow:Creating bottleneck at tf_files/bottlenecks/minions/Z (3).jpg_inception_v3.txt
INFO:tensorflow:Creating bottleneck at tf_files/bottlenecks/minions/images (4).jpg_inception_v3.txt
INFO:tensorflow:Creating bottleneck at tf_files/bottlenecks/minions/images (7).jpg_inception_v3.txt
INFO:tensorflow:Creating bottleneck at tf_files/bottlenecks/minions/images (5).jpg_inception_v3.txt
INFO:tensorflow:Creating bottleneck at tf_files/bottlenecks/minions/images (17).jpg_inception_v3.txt
INFO:tensorflow:Creating bottleneck at tf_files/bottlenecks/minions/2Q== (2).jpg_inception_v3.txt
INFO:tensorflow:Creating bottleneck at tf_files/bottlenecks/minions/Z (5).jpg_inception_v3.txt
INFO:tensorflow:Creating bottleneck at tf_files/bottlenecks/minions/2Q== (1).jpg_inception_v3.txt
INFO:tensorflow:Creating bottleneck at tf_files/bottlenecks/minions/images (15).jpg_inception_v3.txt
INFO:tensorflow:Creating bottleneck at tf_files/bottlenecks/minions/images (18).jpg_inception_v3.txt
INFO:tensorflow:Creating bottleneck at tf_files/bottlenecks/minions/Z.jpg_inception_v3.txt
INFO:tensorflow:Creating bottleneck at tf_files/bottlenecks/minions/9k= (3).jpg_inception_v3.txt
INFO:tensorflow:Creating bottleneck at tf_files/bottlenecks/minions/9k= (5).jpg_inception_v3.txt
INFO:tensorflow:Creating bottleneck at tf_files/bottlenecks/minions/2Q==.jpg_inception_v3.txt
INFO:tensorflow:Creating bottleneck at tf_files/bottlenecks/minions/images (1).jpg_inception_v3.txt
INFO:tensorflow:Creating bottleneck at tf_files/bottlenecks/minions/images.jpg_inception_v3.txt
INFO:tensorflow:Creating bottleneck at tf_files/bottlenecks/minions/images (16).jpg_inception_v3.txt
INFO:tensorflow:Creating bottleneck at tf_files/bottlenecks/minions/images (3).jpg_inception_v3.txt
INFO:tensorflow:Creating bottleneck at tf_files/bottlenecks/darth vader/images (22).jpg_inception_v3.txt
INFO:tensorflow:Creating bottleneck at tf_files/bottlenecks/darth vader/images (9).jpg_inception_v3.txt
INFO:tensorflow:Creating bottleneck at tf_files/bottlenecks/darth vader/images (16).jpg_inception_v3.txt
INFO:tensorflow:Creating bottleneck at tf_files/bottlenecks/darth vader/images (6).jpg_inception_v3.txt
INFO:tensorflow:Creating bottleneck at tf_files/bottlenecks/darth vader/images (2).jpg_inception_v3.txt
INFO:tensorflow:Creating bottleneck at tf_files/bottlenecks/darth vader/images (21).jpg_inception_v3.txt
INFO:tensorflow:Creating bottleneck at tf_files/bottlenecks/darth vader/9k= (2).jpg_inception_v3.txt
INFO:tensorflow:Creating bottleneck at tf_files/bottlenecks/darth vader/images (12).jpg_inception_v3.txt
INFO:tensorflow:Creating bottleneck at tf_files/bottlenecks/darth vader/Z (4).jpg_inception_v3.txt
INFO:tensorflow:Creating bottleneck at tf_files/bottlenecks/darth vader/Z (1).jpg_inception_v3.txt
INFO:tensorflow:Creating bottleneck at tf_files/bottlenecks/darth vader/9k=.jpg_inception_v3.txt
INFO:tensorflow:Creating bottleneck at tf_files/bottlenecks/darth vader/2Q== (3).jpg_inception_v3.txt
INFO:tensorflow:Creating bottleneck at tf_files/bottlenecks/darth vader/images (13).jpg_inception_v3.txt
INFO:tensorflow:Creating bottleneck at tf_files/bottlenecks/darth vader/2Q==.jpg_inception_v3.txt
INFO:tensorflow:Creating bottleneck at tf_files/bottlenecks/darth vader/images (3).jpg_inception_v3.txt
INFO:tensorflow:Creating bottleneck at tf_files/bottlenecks/darth vader/images (11).jpg_inception_v3.txt
INFO:tensorflow:Creating bottleneck at tf_files/bottlenecks/darth vader/images (10).jpg_inception_v3.txt
INFO:tensorflow:Creating bottleneck at tf_files/bottlenecks/darth vader/Z (6).jpg_inception_v3.txt
INFO:tensorflow:Creating bottleneck at tf_files/bottlenecks/darth vader/images (8).jpg_inception_v3.txt
INFO:tensorflow:Creating bottleneck at tf_files/bottlenecks/darth vader/images (20).jpg_inception_v3.txt
INFO:tensorflow:Creating bottleneck at tf_files/bottlenecks/darth vader/9k= (1).jpg_inception_v3.txt
INFO:tensorflow:Creating bottleneck at tf_files/bottlenecks/darth vader/images (1).jpg_inception_v3.txt
INFO:tensorflow:Creating bottleneck at tf_files/bottlenecks/darth vader/images (14).jpg_inception_v3.txt
INFO:tensorflow:Creating bottleneck at tf_files/bottlenecks/darth vader/Z (2).jpg_inception_v3.txt
INFO:tensorflow:Creating bottleneck at tf_files/bottlenecks/darth vader/Z (3).jpg_inception_v3.txt
INFO:tensorflow:Creating bottleneck at tf_files/bottlenecks/darth vader/images (4).jpg_inception_v3.txt
INFO:tensorflow:Creating bottleneck at tf_files/bottlenecks/darth vader/images (7).jpg_inception_v3.txt
INFO:tensorflow:Creating bottleneck at tf_files/bottlenecks/darth vader/images (5).jpg_inception_v3.txt
INFO:tensorflow:Creating bottleneck at tf_files/bottlenecks/darth vader/images (17).jpg_inception_v3.txt
INFO:tensorflow:Creating bottleneck at tf_files/bottlenecks/darth vader/Z (5).jpg_inception_v3.txt
INFO:tensorflow:Creating bottleneck at tf_files/bottlenecks/darth vader/images.jpg_inception_v3.txt
INFO:tensorflow:Creating bottleneck at tf_files/bottlenecks/darth vader/images (19).jpg_inception_v3.txt
INFO:tensorflow:Creating bottleneck at tf_files/bottlenecks/darth vader/images (15).jpg_inception_v3.txt
INFO:tensorflow:Creating bottleneck at tf_files/bottlenecks/darth vader/images (18).jpg_inception_v3.txt
INFO:tensorflow:Creating bottleneck at tf_files/bottlenecks/darth vader/Z.jpg_inception_v3.txt
INFO:tensorflow:Creating bottleneck at tf_files/bottlenecks/darth vader/9k= (3).jpg_inception_v3.txt
INFO:tensorflow:Creating bottleneck at tf_files/bottlenecks/darth vader/9k= (5).jpg_inception_v3.txt
INFO:tensorflow:Creating bottleneck at tf_files/bottlenecks/darth vader/2Q== (2).jpg_inception_v3.txt
INFO:tensorflow:Creating bottleneck at tf_files/bottlenecks/darth vader/9k= (4).jpg_inception_v3.txt
INFO:tensorflow:Creating bottleneck at tf_files/bottlenecks/darth vader/2Q== (1).jpg_inception_v3.txt
INFO:tensorflow:2018-04-06 15:02:58.900959: Step 0: Train accuracy = 83.0%
INFO:tensorflow:2018-04-06 15:02:58.901192: Step 0: Cross entropy = 0.568819
INFO:tensorflow:2018-04-06 15:02:59.328949: Step 0: Validation accuracy = 100.0% (N=100)
INFO:tensorflow:2018-04-06 15:03:00.139132: Step 10: Train accuracy = 100.0%
INFO:tensorflow:2018-04-06 15:03:00.139334: Step 10: Cross entropy = 0.223072
INFO:tensorflow:2018-04-06 15:03:00.219087: Step 10: Validation accuracy = 100.0% (N=100)
INFO:tensorflow:2018-04-06 15:03:01.020372: Step 20: Train accuracy = 100.0%
INFO:tensorflow:2018-04-06 15:03:01.020557: Step 20: Cross entropy = 0.114597
INFO:tensorflow:2018-04-06 15:03:01.103851: Step 20: Validation accuracy = 100.0% (N=100)
INFO:tensorflow:2018-04-06 15:03:01.924676: Step 30: Train accuracy = 100.0%
INFO:tensorflow:2018-04-06 15:03:01.924898: Step 30: Cross entropy = 0.103567
INFO:tensorflow:2018-04-06 15:03:02.010226: Step 30: Validation accuracy = 100.0% (N=100)
INFO:tensorflow:2018-04-06 15:03:02.823070: Step 40: Train accuracy = 100.0%
INFO:tensorflow:2018-04-06 15:03:02.823312: Step 40: Cross entropy = 0.071096
INFO:tensorflow:2018-04-06 15:03:02.907582: Step 40: Validation accuracy = 100.0% (N=100)
INFO:tensorflow:2018-04-06 15:03:03.710049: Step 50: Train accuracy = 100.0%
INFO:tensorflow:2018-04-06 15:03:03.710234: Step 50: Cross entropy = 0.051578
INFO:tensorflow:2018-04-06 15:03:03.801512: Step 50: Validation accuracy = 100.0% (N=100)
INFO:tensorflow:2018-04-06 15:03:04.643609: Step 60: Train accuracy = 100.0%
INFO:tensorflow:2018-04-06 15:03:04.643788: Step 60: Cross entropy = 0.051250
INFO:tensorflow:2018-04-06 15:03:04.725251: Step 60: Validation accuracy = 100.0% (N=100)
INFO:tensorflow:2018-04-06 15:03:05.534834: Step 70: Train accuracy = 100.0%
INFO:tensorflow:2018-04-06 15:03:05.535056: Step 70: Cross entropy = 0.053597
INFO:tensorflow:2018-04-06 15:03:05.621146: Step 70: Validation accuracy = 100.0% (N=100)
INFO:tensorflow:2018-04-06 15:03:06.463269: Step 80: Train accuracy = 100.0%
INFO:tensorflow:2018-04-06 15:03:06.463470: Step 80: Cross entropy = 0.037448
INFO:tensorflow:2018-04-06 15:03:06.545639: Step 80: Validation accuracy = 100.0% (N=100)
INFO:tensorflow:2018-04-06 15:03:07.401381: Step 90: Train accuracy = 100.0%
INFO:tensorflow:2018-04-06 15:03:07.401574: Step 90: Cross entropy = 0.039436
INFO:tensorflow:2018-04-06 15:03:07.483082: Step 90: Validation accuracy = 100.0% (N=100)
INFO:tensorflow:2018-04-06 15:03:08.373304: Step 100: Train accuracy = 100.0%
INFO:tensorflow:2018-04-06 15:03:08.373552: Step 100: Cross entropy = 0.027320
INFO:tensorflow:2018-04-06 15:03:08.474048: Step 100: Validation accuracy = 100.0% (N=100)
INFO:tensorflow:2018-04-06 15:03:09.397187: Step 110: Train accuracy = 100.0%
INFO:tensorflow:2018-04-06 15:03:09.397382: Step 110: Cross entropy = 0.030645
INFO:tensorflow:2018-04-06 15:03:09.497341: Step 110: Validation accuracy = 100.0% (N=100)
INFO:tensorflow:2018-04-06 15:03:10.424232: Step 120: Train accuracy = 100.0%
INFO:tensorflow:2018-04-06 15:03:10.424519: Step 120: Cross entropy = 0.031418
INFO:tensorflow:2018-04-06 15:03:10.518437: Step 120: Validation accuracy = 100.0% (N=100)
INFO:tensorflow:2018-04-06 15:03:11.407719: Step 130: Train accuracy = 100.0%
INFO:tensorflow:2018-04-06 15:03:11.407971: Step 130: Cross entropy = 0.024556
INFO:tensorflow:2018-04-06 15:03:11.502923: Step 130: Validation accuracy = 100.0% (N=100)
INFO:tensorflow:2018-04-06 15:03:12.374109: Step 140: Train accuracy = 100.0%
INFO:tensorflow:2018-04-06 15:03:12.374352: Step 140: Cross entropy = 0.019176
INFO:tensorflow:2018-04-06 15:03:12.464704: Step 140: Validation accuracy = 100.0% (N=100)
INFO:tensorflow:2018-04-06 15:03:13.367153: Step 150: Train accuracy = 100.0%
INFO:tensorflow:2018-04-06 15:03:13.367395: Step 150: Cross entropy = 0.020322
INFO:tensorflow:2018-04-06 15:03:13.456257: Step 150: Validation accuracy = 100.0% (N=100)
INFO:tensorflow:2018-04-06 15:03:14.360872: Step 160: Train accuracy = 100.0%
INFO:tensorflow:2018-04-06 15:03:14.361061: Step 160: Cross entropy = 0.018421
INFO:tensorflow:2018-04-06 15:03:14.451364: Step 160: Validation accuracy = 100.0% (N=100)
INFO:tensorflow:2018-04-06 15:03:15.301139: Step 170: Train accuracy = 100.0%
INFO:tensorflow:2018-04-06 15:03:15.301350: Step 170: Cross entropy = 0.019622
INFO:tensorflow:2018-04-06 15:03:15.392520: Step 170: Validation accuracy = 100.0% (N=100)
INFO:tensorflow:2018-04-06 15:03:16.261324: Step 180: Train accuracy = 100.0%
INFO:tensorflow:2018-04-06 15:03:16.261536: Step 180: Cross entropy = 0.020416
INFO:tensorflow:2018-04-06 15:03:16.347779: Step 180: Validation accuracy = 100.0% (N=100)
INFO:tensorflow:2018-04-06 15:03:17.203966: Step 190: Train accuracy = 100.0%
INFO:tensorflow:2018-04-06 15:03:17.204150: Step 190: Cross entropy = 0.018739
INFO:tensorflow:2018-04-06 15:03:17.291152: Step 190: Validation accuracy = 100.0% (N=100)
INFO:tensorflow:2018-04-06 15:03:18.185648: Step 200: Train accuracy = 100.0%
INFO:tensorflow:2018-04-06 15:03:18.185847: Step 200: Cross entropy = 0.020351
INFO:tensorflow:2018-04-06 15:03:18.277821: Step 200: Validation accuracy = 100.0% (N=100)
INFO:tensorflow:2018-04-06 15:03:19.192784: Step 210: Train accuracy = 100.0%
INFO:tensorflow:2018-04-06 15:03:19.193005: Step 210: Cross entropy = 0.014573
INFO:tensorflow:2018-04-06 15:03:19.276987: Step 210: Validation accuracy = 100.0% (N=100)
INFO:tensorflow:2018-04-06 15:03:20.110786: Step 220: Train accuracy = 100.0%
INFO:tensorflow:2018-04-06 15:03:20.110979: Step 220: Cross entropy = 0.014464
INFO:tensorflow:2018-04-06 15:03:20.187889: Step 220: Validation accuracy = 100.0% (N=100)
INFO:tensorflow:2018-04-06 15:03:20.984991: Step 230: Train accuracy = 100.0%
INFO:tensorflow:2018-04-06 15:03:20.985182: Step 230: Cross entropy = 0.014947
INFO:tensorflow:2018-04-06 15:03:21.065219: Step 230: Validation accuracy = 100.0% (N=100)
INFO:tensorflow:2018-04-06 15:03:21.873578: Step 240: Train accuracy = 100.0%
INFO:tensorflow:2018-04-06 15:03:21.873774: Step 240: Cross entropy = 0.011052
INFO:tensorflow:2018-04-06 15:03:21.952492: Step 240: Validation accuracy = 100.0% (N=100)
INFO:tensorflow:2018-04-06 15:03:22.757778: Step 250: Train accuracy = 100.0%
INFO:tensorflow:2018-04-06 15:03:22.757963: Step 250: Cross entropy = 0.013592
INFO:tensorflow:2018-04-06 15:03:22.837443: Step 250: Validation accuracy = 100.0% (N=100)
INFO:tensorflow:2018-04-06 15:03:23.675125: Step 260: Train accuracy = 100.0%
INFO:tensorflow:2018-04-06 15:03:23.675335: Step 260: Cross entropy = 0.013693
INFO:tensorflow:2018-04-06 15:03:23.753324: Step 260: Validation accuracy = 100.0% (N=100)
INFO:tensorflow:2018-04-06 15:03:24.568435: Step 270: Train accuracy = 100.0%
INFO:tensorflow:2018-04-06 15:03:24.568639: Step 270: Cross entropy = 0.016284
INFO:tensorflow:2018-04-06 15:03:24.650502: Step 270: Validation accuracy = 100.0% (N=100)
INFO:tensorflow:2018-04-06 15:03:25.460785: Step 280: Train accuracy = 100.0%
INFO:tensorflow:2018-04-06 15:03:25.460984: Step 280: Cross entropy = 0.013463
INFO:tensorflow:2018-04-06 15:03:25.541393: Step 280: Validation accuracy = 100.0% (N=100)
INFO:tensorflow:2018-04-06 15:03:26.347024: Step 290: Train accuracy = 100.0%
INFO:tensorflow:2018-04-06 15:03:26.347285: Step 290: Cross entropy = 0.012086
INFO:tensorflow:2018-04-06 15:03:26.443350: Step 290: Validation accuracy = 100.0% (N=100)
INFO:tensorflow:2018-04-06 15:03:27.250061: Step 300: Train accuracy = 100.0%
INFO:tensorflow:2018-04-06 15:03:27.250249: Step 300: Cross entropy = 0.011608
INFO:tensorflow:2018-04-06 15:03:27.332528: Step 300: Validation accuracy = 100.0% (N=100)
INFO:tensorflow:2018-04-06 15:03:28.219570: Step 310: Train accuracy = 100.0%
INFO:tensorflow:2018-04-06 15:03:28.219763: Step 310: Cross entropy = 0.010042
INFO:tensorflow:2018-04-06 15:03:28.301252: Step 310: Validation accuracy = 100.0% (N=100)
INFO:tensorflow:2018-04-06 15:03:29.366998: Step 320: Train accuracy = 100.0%
INFO:tensorflow:2018-04-06 15:03:29.367193: Step 320: Cross entropy = 0.011483
INFO:tensorflow:2018-04-06 15:03:29.449825: Step 320: Validation accuracy = 100.0% (N=100)
INFO:tensorflow:2018-04-06 15:03:30.249924: Step 330: Train accuracy = 100.0%
INFO:tensorflow:2018-04-06 15:03:30.250118: Step 330: Cross entropy = 0.011609
INFO:tensorflow:2018-04-06 15:03:30.334184: Step 330: Validation accuracy = 100.0% (N=100)
INFO:tensorflow:2018-04-06 15:03:31.131393: Step 340: Train accuracy = 100.0%
INFO:tensorflow:2018-04-06 15:03:31.131603: Step 340: Cross entropy = 0.010717
INFO:tensorflow:2018-04-06 15:03:31.211580: Step 340: Validation accuracy = 100.0% (N=100)
INFO:tensorflow:2018-04-06 15:03:32.028554: Step 350: Train accuracy = 100.0%
INFO:tensorflow:2018-04-06 15:03:32.028738: Step 350: Cross entropy = 0.011074
INFO:tensorflow:2018-04-06 15:03:32.107453: Step 350: Validation accuracy = 100.0% (N=100)
INFO:tensorflow:2018-04-06 15:03:32.961371: Step 360: Train accuracy = 100.0%
INFO:tensorflow:2018-04-06 15:03:32.961567: Step 360: Cross entropy = 0.010833
INFO:tensorflow:2018-04-06 15:03:33.039753: Step 360: Validation accuracy = 100.0% (N=100)
INFO:tensorflow:2018-04-06 15:03:33.871048: Step 370: Train accuracy = 100.0%
INFO:tensorflow:2018-04-06 15:03:33.871295: Step 370: Cross entropy = 0.009511
INFO:tensorflow:2018-04-06 15:03:33.953688: Step 370: Validation accuracy = 100.0% (N=100)
INFO:tensorflow:2018-04-06 15:03:34.750756: Step 380: Train accuracy = 100.0%
INFO:tensorflow:2018-04-06 15:03:34.750949: Step 380: Cross entropy = 0.009046
INFO:tensorflow:2018-04-06 15:03:34.828442: Step 380: Validation accuracy = 100.0% (N=100)
INFO:tensorflow:2018-04-06 15:03:35.629383: Step 390: Train accuracy = 100.0%
INFO:tensorflow:2018-04-06 15:03:35.629582: Step 390: Cross entropy = 0.008008
INFO:tensorflow:2018-04-06 15:03:35.711755: Step 390: Validation accuracy = 100.0% (N=100)
INFO:tensorflow:2018-04-06 15:03:36.515388: Step 400: Train accuracy = 100.0%
INFO:tensorflow:2018-04-06 15:03:36.515578: Step 400: Cross entropy = 0.007762
INFO:tensorflow:2018-04-06 15:03:36.594028: Step 400: Validation accuracy = 100.0% (N=100)
INFO:tensorflow:2018-04-06 15:03:37.392847: Step 410: Train accuracy = 100.0%
INFO:tensorflow:2018-04-06 15:03:37.393034: Step 410: Cross entropy = 0.007778
INFO:tensorflow:2018-04-06 15:03:37.470310: Step 410: Validation accuracy = 100.0% (N=100)
INFO:tensorflow:2018-04-06 15:03:38.278868: Step 420: Train accuracy = 100.0%
INFO:tensorflow:2018-04-06 15:03:38.279059: Step 420: Cross entropy = 0.008290
INFO:tensorflow:2018-04-06 15:03:38.357903: Step 420: Validation accuracy = 100.0% (N=100)
INFO:tensorflow:2018-04-06 15:03:39.155251: Step 430: Train accuracy = 100.0%
INFO:tensorflow:2018-04-06 15:03:39.155436: Step 430: Cross entropy = 0.008794
INFO:tensorflow:2018-04-06 15:03:39.231107: Step 430: Validation accuracy = 100.0% (N=100)
INFO:tensorflow:2018-04-06 15:03:40.053890: Step 440: Train accuracy = 100.0%
INFO:tensorflow:2018-04-06 15:03:40.054081: Step 440: Cross entropy = 0.009090
INFO:tensorflow:2018-04-06 15:03:40.130741: Step 440: Validation accuracy = 100.0% (N=100)
INFO:tensorflow:2018-04-06 15:03:40.934944: Step 450: Train accuracy = 100.0%
INFO:tensorflow:2018-04-06 15:03:40.935127: Step 450: Cross entropy = 0.006915
INFO:tensorflow:2018-04-06 15:03:41.016034: Step 450: Validation accuracy = 100.0% (N=100)
INFO:tensorflow:2018-04-06 15:03:41.817613: Step 460: Train accuracy = 100.0%
INFO:tensorflow:2018-04-06 15:03:41.817799: Step 460: Cross entropy = 0.008861
INFO:tensorflow:2018-04-06 15:03:41.898040: Step 460: Validation accuracy = 100.0% (N=100)
INFO:tensorflow:2018-04-06 15:03:42.706964: Step 470: Train accuracy = 100.0%
INFO:tensorflow:2018-04-06 15:03:42.707151: Step 470: Cross entropy = 0.007030
INFO:tensorflow:2018-04-06 15:03:42.786638: Step 470: Validation accuracy = 100.0% (N=100)
INFO:tensorflow:2018-04-06 15:03:43.600029: Step 480: Train accuracy = 100.0%
INFO:tensorflow:2018-04-06 15:03:43.600239: Step 480: Cross entropy = 0.008474
INFO:tensorflow:2018-04-06 15:03:43.680710: Step 480: Validation accuracy = 100.0% (N=100)
INFO:tensorflow:2018-04-06 15:03:44.487825: Step 490: Train accuracy = 100.0%
INFO:tensorflow:2018-04-06 15:03:44.488013: Step 490: Cross entropy = 0.007860
INFO:tensorflow:2018-04-06 15:03:44.566272: Step 490: Validation accuracy = 100.0% (N=100)
INFO:tensorflow:2018-04-06 15:03:45.291442: Step 499: Train accuracy = 100.0%
INFO:tensorflow:2018-04-06 15:03:45.291716: Step 499: Cross entropy = 0.007284
INFO:tensorflow:2018-04-06 15:03:45.374823: Step 499: Validation accuracy = 100.0% (N=100)
Model path:  /tf_files/inception/classify_image_graph_def.pb
INFO:tensorflow:Restoring parameters from /tmp/_retrain_checkpoint
INFO:tensorflow:Final test accuracy = 100.0% (N=4)
Model path:  /tf_files/inception/classify_image_graph_def.pb
INFO:tensorflow:Restoring parameters from /tmp/_retrain_checkpoint
INFO:tensorflow:Froze 2 variables.
Converted 2 variables to const ops.
Model path:  /tf_files/inception/classify_image_graph_def.pb
INFO:tensorflow:Restoring parameters from /tmp/_retrain_checkpoint
INFO:tensorflow:No assets to save.
INFO:tensorflow:No assets to write.
INFO:tensorflow:SavedModel written to: /tmp/saved_models/1/saved_model.pb
navaneeth@Droidbuddha:~/tensorflow$ ^C
navaneeth@Droidbuddha:~/tensorflow$ sudo python tensorflow/examples/image_retraining/retrain.py --bottleneck_dir=tf_files/bottlenecks --how_many_training_steps 500 --model_dir=/tf_files/inception --output_graph=/tf_files/retrained_graph.pb --output_labels=/tf_files/retrained_labels.txt --image_dir //home/navaneeth/tf_files/star_wars 
[sudo] password for navaneeth: 
INFO:tensorflow:Looking for images in 'darth vader'
INFO:tensorflow:Looking for images in 'minions'
Not extracting or downloading files, model already present in disk
Model path:  /tf_files/inception/classify_image_graph_def.pb
2018-04-06 16:26:35.296725: I tensorflow/core/platform/cpu_feature_guard.cc:140] Your CPU supports instructions that this TensorFlow binary was not compiled to use: AVX2 FMA
2018-04-06 16:26:37.984275: W tensorflow/core/framework/op_def_util.cc:343] Op BatchNormWithGlobalNormalization is deprecated. It will cease to work in GraphDef version 9. Use tf.nn.batch_normalization().
INFO:tensorflow:2018-04-06 16:26:39.299417: Step 0: Train accuracy = 100.0%
INFO:tensorflow:2018-04-06 16:26:39.349195: Step 0: Cross entropy = 0.576340
INFO:tensorflow:2018-04-06 16:26:39.724252: Step 0: Validation accuracy = 100.0% (N=100)
INFO:tensorflow:2018-04-06 16:26:40.554125: Step 10: Train accuracy = 100.0%
INFO:tensorflow:2018-04-06 16:26:40.554311: Step 10: Cross entropy = 0.201805
INFO:tensorflow:2018-04-06 16:26:40.641111: Step 10: Validation accuracy = 100.0% (N=100)
INFO:tensorflow:2018-04-06 16:26:41.462715: Step 20: Train accuracy = 100.0%
INFO:tensorflow:2018-04-06 16:26:41.463158: Step 20: Cross entropy = 0.123092
INFO:tensorflow:2018-04-06 16:26:41.545447: Step 20: Validation accuracy = 100.0% (N=100)
INFO:tensorflow:2018-04-06 16:26:42.523044: Step 30: Train accuracy = 100.0%
INFO:tensorflow:2018-04-06 16:26:42.523294: Step 30: Cross entropy = 0.091132
INFO:tensorflow:2018-04-06 16:26:42.606511: Step 30: Validation accuracy = 100.0% (N=100)
INFO:tensorflow:2018-04-06 16:26:43.437213: Step 40: Train accuracy = 100.0%
INFO:tensorflow:2018-04-06 16:26:43.437445: Step 40: Cross entropy = 0.072279
INFO:tensorflow:2018-04-06 16:26:43.519567: Step 40: Validation accuracy = 100.0% (N=100)
INFO:tensorflow:2018-04-06 16:26:44.341238: Step 50: Train accuracy = 100.0%
INFO:tensorflow:2018-04-06 16:26:44.341414: Step 50: Cross entropy = 0.062981
INFO:tensorflow:2018-04-06 16:26:44.424521: Step 50: Validation accuracy = 100.0% (N=100)
INFO:tensorflow:2018-04-06 16:26:45.259441: Step 60: Train accuracy = 100.0%
INFO:tensorflow:2018-04-06 16:26:45.259629: Step 60: Cross entropy = 0.046098
INFO:tensorflow:2018-04-06 16:26:45.345047: Step 60: Validation accuracy = 100.0% (N=100)
INFO:tensorflow:2018-04-06 16:26:46.163410: Step 70: Train accuracy = 100.0%
INFO:tensorflow:2018-04-06 16:26:46.163601: Step 70: Cross entropy = 0.038806
INFO:tensorflow:2018-04-06 16:26:46.255637: Step 70: Validation accuracy = 100.0% (N=100)
INFO:tensorflow:2018-04-06 16:26:47.083365: Step 80: Train accuracy = 100.0%
INFO:tensorflow:2018-04-06 16:26:47.083559: Step 80: Cross entropy = 0.041811
INFO:tensorflow:2018-04-06 16:26:47.167435: Step 80: Validation accuracy = 100.0% (N=100)
INFO:tensorflow:2018-04-06 16:26:47.990201: Step 90: Train accuracy = 100.0%
INFO:tensorflow:2018-04-06 16:26:47.990393: Step 90: Cross entropy = 0.033416
INFO:tensorflow:2018-04-06 16:26:48.071012: Step 90: Validation accuracy = 100.0% (N=100)
INFO:tensorflow:2018-04-06 16:26:48.901444: Step 100: Train accuracy = 100.0%
INFO:tensorflow:2018-04-06 16:26:48.901623: Step 100: Cross entropy = 0.031116
INFO:tensorflow:2018-04-06 16:26:48.989372: Step 100: Validation accuracy = 100.0% (N=100)
INFO:tensorflow:2018-04-06 16:26:49.823006: Step 110: Train accuracy = 100.0%
INFO:tensorflow:2018-04-06 16:26:49.823188: Step 110: Cross entropy = 0.029768
INFO:tensorflow:2018-04-06 16:26:49.908113: Step 110: Validation accuracy = 100.0% (N=100)
INFO:tensorflow:2018-04-06 16:26:50.740183: Step 120: Train accuracy = 100.0%
INFO:tensorflow:2018-04-06 16:26:50.740366: Step 120: Cross entropy = 0.031070
INFO:tensorflow:2018-04-06 16:26:50.826365: Step 120: Validation accuracy = 100.0% (N=100)
INFO:tensorflow:2018-04-06 16:26:51.640235: Step 130: Train accuracy = 100.0%
INFO:tensorflow:2018-04-06 16:26:51.640440: Step 130: Cross entropy = 0.027674
INFO:tensorflow:2018-04-06 16:26:51.728756: Step 130: Validation accuracy = 100.0% (N=100)
INFO:tensorflow:2018-04-06 16:26:52.549607: Step 140: Train accuracy = 100.0%
INFO:tensorflow:2018-04-06 16:26:52.549813: Step 140: Cross entropy = 0.024748
INFO:tensorflow:2018-04-06 16:26:52.629905: Step 140: Validation accuracy = 100.0% (N=100)
INFO:tensorflow:2018-04-06 16:26:53.458678: Step 150: Train accuracy = 100.0%
INFO:tensorflow:2018-04-06 16:26:53.458858: Step 150: Cross entropy = 0.026965
INFO:tensorflow:2018-04-06 16:26:53.542677: Step 150: Validation accuracy = 100.0% (N=100)
INFO:tensorflow:2018-04-06 16:26:54.371388: Step 160: Train accuracy = 100.0%
INFO:tensorflow:2018-04-06 16:26:54.371569: Step 160: Cross entropy = 0.024129
INFO:tensorflow:2018-04-06 16:26:54.454649: Step 160: Validation accuracy = 100.0% (N=100)
INFO:tensorflow:2018-04-06 16:26:55.290794: Step 170: Train accuracy = 100.0%
INFO:tensorflow:2018-04-06 16:26:55.291036: Step 170: Cross entropy = 0.019246
INFO:tensorflow:2018-04-06 16:26:55.373423: Step 170: Validation accuracy = 100.0% (N=100)
INFO:tensorflow:2018-04-06 16:26:56.201794: Step 180: Train accuracy = 100.0%
INFO:tensorflow:2018-04-06 16:26:56.201978: Step 180: Cross entropy = 0.018338
INFO:tensorflow:2018-04-06 16:26:56.292983: Step 180: Validation accuracy = 100.0% (N=100)
INFO:tensorflow:2018-04-06 16:26:57.119085: Step 190: Train accuracy = 100.0%
INFO:tensorflow:2018-04-06 16:26:57.119299: Step 190: Cross entropy = 0.022795
INFO:tensorflow:2018-04-06 16:26:57.209145: Step 190: Validation accuracy = 100.0% (N=100)
INFO:tensorflow:2018-04-06 16:26:58.040809: Step 200: Train accuracy = 100.0%
INFO:tensorflow:2018-04-06 16:26:58.041007: Step 200: Cross entropy = 0.016640
INFO:tensorflow:2018-04-06 16:26:58.125055: Step 200: Validation accuracy = 100.0% (N=100)
INFO:tensorflow:2018-04-06 16:26:58.966784: Step 210: Train accuracy = 100.0%
INFO:tensorflow:2018-04-06 16:26:58.966968: Step 210: Cross entropy = 0.014649
INFO:tensorflow:2018-04-06 16:26:59.048138: Step 210: Validation accuracy = 100.0% (N=100)
INFO:tensorflow:2018-04-06 16:26:59.874529: Step 220: Train accuracy = 100.0%
INFO:tensorflow:2018-04-06 16:26:59.874709: Step 220: Cross entropy = 0.014799
INFO:tensorflow:2018-04-06 16:26:59.957281: Step 220: Validation accuracy = 100.0% (N=100)
INFO:tensorflow:2018-04-06 16:27:00.796556: Step 230: Train accuracy = 100.0%
INFO:tensorflow:2018-04-06 16:27:00.796754: Step 230: Cross entropy = 0.015266
INFO:tensorflow:2018-04-06 16:27:00.882694: Step 230: Validation accuracy = 100.0% (N=100)
INFO:tensorflow:2018-04-06 16:27:01.711959: Step 240: Train accuracy = 100.0%
INFO:tensorflow:2018-04-06 16:27:01.712181: Step 240: Cross entropy = 0.014643
INFO:tensorflow:2018-04-06 16:27:01.803254: Step 240: Validation accuracy = 100.0% (N=100)
INFO:tensorflow:2018-04-06 16:27:02.630858: Step 250: Train accuracy = 100.0%
INFO:tensorflow:2018-04-06 16:27:02.631116: Step 250: Cross entropy = 0.014799
INFO:tensorflow:2018-04-06 16:27:02.717684: Step 250: Validation accuracy = 100.0% (N=100)
INFO:tensorflow:2018-04-06 16:27:03.545179: Step 260: Train accuracy = 100.0%
INFO:tensorflow:2018-04-06 16:27:03.545374: Step 260: Cross entropy = 0.014486
INFO:tensorflow:2018-04-06 16:27:03.627136: Step 260: Validation accuracy = 100.0% (N=100)
INFO:tensorflow:2018-04-06 16:27:04.458124: Step 270: Train accuracy = 100.0%
INFO:tensorflow:2018-04-06 16:27:04.458312: Step 270: Cross entropy = 0.012720
INFO:tensorflow:2018-04-06 16:27:04.543830: Step 270: Validation accuracy = 100.0% (N=100)
INFO:tensorflow:2018-04-06 16:27:05.374752: Step 280: Train accuracy = 100.0%
INFO:tensorflow:2018-04-06 16:27:05.374927: Step 280: Cross entropy = 0.010640
INFO:tensorflow:2018-04-06 16:27:05.456850: Step 280: Validation accuracy = 100.0% (N=100)
INFO:tensorflow:2018-04-06 16:27:06.309826: Step 290: Train accuracy = 100.0%
INFO:tensorflow:2018-04-06 16:27:06.310001: Step 290: Cross entropy = 0.013582
INFO:tensorflow:2018-04-06 16:27:06.394042: Step 290: Validation accuracy = 100.0% (N=100)
INFO:tensorflow:2018-04-06 16:27:07.290184: Step 300: Train accuracy = 100.0%
INFO:tensorflow:2018-04-06 16:27:07.290364: Step 300: Cross entropy = 0.013135
INFO:tensorflow:2018-04-06 16:27:07.375449: Step 300: Validation accuracy = 100.0% (N=100)
INFO:tensorflow:2018-04-06 16:27:08.200031: Step 310: Train accuracy = 100.0%
INFO:tensorflow:2018-04-06 16:27:08.200239: Step 310: Cross entropy = 0.013450
INFO:tensorflow:2018-04-06 16:27:08.295205: Step 310: Validation accuracy = 100.0% (N=100)
INFO:tensorflow:2018-04-06 16:27:09.110642: Step 320: Train accuracy = 100.0%
INFO:tensorflow:2018-04-06 16:27:09.110828: Step 320: Cross entropy = 0.009482
INFO:tensorflow:2018-04-06 16:27:09.195726: Step 320: Validation accuracy = 100.0% (N=100)
INFO:tensorflow:2018-04-06 16:27:10.023012: Step 330: Train accuracy = 100.0%
INFO:tensorflow:2018-04-06 16:27:10.023199: Step 330: Cross entropy = 0.011508
INFO:tensorflow:2018-04-06 16:27:10.108799: Step 330: Validation accuracy = 100.0% (N=100)
INFO:tensorflow:2018-04-06 16:27:11.007973: Step 340: Train accuracy = 100.0%
INFO:tensorflow:2018-04-06 16:27:11.008153: Step 340: Cross entropy = 0.010435
INFO:tensorflow:2018-04-06 16:27:11.103313: Step 340: Validation accuracy = 100.0% (N=100)
INFO:tensorflow:2018-04-06 16:27:12.054429: Step 350: Train accuracy = 100.0%
INFO:tensorflow:2018-04-06 16:27:12.054611: Step 350: Cross entropy = 0.008803
INFO:tensorflow:2018-04-06 16:27:12.150152: Step 350: Validation accuracy = 100.0% (N=100)
INFO:tensorflow:2018-04-06 16:27:13.113570: Step 360: Train accuracy = 100.0%
INFO:tensorflow:2018-04-06 16:27:13.114033: Step 360: Cross entropy = 0.009588
INFO:tensorflow:2018-04-06 16:27:13.204416: Step 360: Validation accuracy = 100.0% (N=100)
INFO:tensorflow:2018-04-06 16:27:14.101854: Step 370: Train accuracy = 100.0%
INFO:tensorflow:2018-04-06 16:27:14.102041: Step 370: Cross entropy = 0.012222
INFO:tensorflow:2018-04-06 16:27:14.185275: Step 370: Validation accuracy = 100.0% (N=100)
INFO:tensorflow:2018-04-06 16:27:15.015735: Step 380: Train accuracy = 100.0%
INFO:tensorflow:2018-04-06 16:27:15.015958: Step 380: Cross entropy = 0.008415
INFO:tensorflow:2018-04-06 16:27:15.098901: Step 380: Validation accuracy = 100.0% (N=100)
INFO:tensorflow:2018-04-06 16:27:15.956167: Step 390: Train accuracy = 100.0%
INFO:tensorflow:2018-04-06 16:27:15.956406: Step 390: Cross entropy = 0.009651
INFO:tensorflow:2018-04-06 16:27:16.047075: Step 390: Validation accuracy = 100.0% (N=100)
INFO:tensorflow:2018-04-06 16:27:16.925648: Step 400: Train accuracy = 100.0%
INFO:tensorflow:2018-04-06 16:27:16.925872: Step 400: Cross entropy = 0.006615
INFO:tensorflow:2018-04-06 16:27:17.048944: Step 400: Validation accuracy = 100.0% (N=100)
INFO:tensorflow:2018-04-06 16:27:18.032129: Step 410: Train accuracy = 100.0%
INFO:tensorflow:2018-04-06 16:27:18.032364: Step 410: Cross entropy = 0.008537
INFO:tensorflow:2018-04-06 16:27:18.139872: Step 410: Validation accuracy = 100.0% (N=100)
INFO:tensorflow:2018-04-06 16:27:19.201046: Step 420: Train accuracy = 100.0%
INFO:tensorflow:2018-04-06 16:27:19.201276: Step 420: Cross entropy = 0.009665
INFO:tensorflow:2018-04-06 16:27:19.313479: Step 420: Validation accuracy = 100.0% (N=100)
INFO:tensorflow:2018-04-06 16:27:20.189691: Step 430: Train accuracy = 100.0%
INFO:tensorflow:2018-04-06 16:27:20.189956: Step 430: Cross entropy = 0.008851
INFO:tensorflow:2018-04-06 16:27:20.272000: Step 430: Validation accuracy = 100.0% (N=100)
INFO:tensorflow:2018-04-06 16:27:21.191655: Step 440: Train accuracy = 100.0%
INFO:tensorflow:2018-04-06 16:27:21.191867: Step 440: Cross entropy = 0.008243
INFO:tensorflow:2018-04-06 16:27:21.278877: Step 440: Validation accuracy = 100.0% (N=100)
INFO:tensorflow:2018-04-06 16:27:22.117188: Step 450: Train accuracy = 100.0%
INFO:tensorflow:2018-04-06 16:27:22.117361: Step 450: Cross entropy = 0.010576
INFO:tensorflow:2018-04-06 16:27:22.200883: Step 450: Validation accuracy = 100.0% (N=100)
INFO:tensorflow:2018-04-06 16:27:23.025202: Step 460: Train accuracy = 100.0%
INFO:tensorflow:2018-04-06 16:27:23.025384: Step 460: Cross entropy = 0.009001
INFO:tensorflow:2018-04-06 16:27:23.106003: Step 460: Validation accuracy = 100.0% (N=100)
INFO:tensorflow:2018-04-06 16:27:23.937059: Step 470: Train accuracy = 100.0%
INFO:tensorflow:2018-04-06 16:27:23.937236: Step 470: Cross entropy = 0.009217
INFO:tensorflow:2018-04-06 16:27:24.020805: Step 470: Validation accuracy = 100.0% (N=100)
INFO:tensorflow:2018-04-06 16:27:24.845541: Step 480: Train accuracy = 100.0%
INFO:tensorflow:2018-04-06 16:27:24.845746: Step 480: Cross entropy = 0.007311
INFO:tensorflow:2018-04-06 16:27:24.935516: Step 480: Validation accuracy = 100.0% (N=100)
INFO:tensorflow:2018-04-06 16:27:25.763773: Step 490: Train accuracy = 100.0%
INFO:tensorflow:2018-04-06 16:27:25.763976: Step 490: Cross entropy = 0.008580
INFO:tensorflow:2018-04-06 16:27:25.846115: Step 490: Validation accuracy = 100.0% (N=100)
INFO:tensorflow:2018-04-06 16:27:26.621897: Step 499: Train accuracy = 100.0%
INFO:tensorflow:2018-04-06 16:27:26.622102: Step 499: Cross entropy = 0.006465
INFO:tensorflow:2018-04-06 16:27:26.712704: Step 499: Validation accuracy = 100.0% (N=100)
Model path:  /tf_files/inception/classify_image_graph_def.pb
INFO:tensorflow:Restoring parameters from /tmp/_retrain_checkpoint
INFO:tensorflow:Final test accuracy = 100.0% (N=4)
Model path:  /tf_files/inception/classify_image_graph_def.pb
INFO:tensorflow:Restoring parameters from /tmp/_retrain_checkpoint
INFO:tensorflow:Froze 2 variables.
Converted 2 variables to const ops.
Model path:  /tf_files/inception/classify_image_graph_def.pb
INFO:tensorflow:Restoring parameters from /tmp/_retrain_checkpoint
Traceback (most recent call last):
  File "tensorflow/examples/image_retraining/retrain.py", line 1486, in <module>
    tf.app.run(main=main, argv=[sys.argv[0]] + unparsed)
  File "/usr/local/lib/python2.7/dist-packages/tensorflow/python/platform/app.py", line 126, in run
    _sys.exit(main(argv))
  File "tensorflow/examples/image_retraining/retrain.py", line 1294, in main
    export_model(model_info, class_count, FLAGS.saved_model_dir)
  File "tensorflow/examples/image_retraining/retrain.py", line 1109, in export_model
    builder = tf.saved_model.builder.SavedModelBuilder(saved_model_dir)
  File "/usr/local/lib/python2.7/dist-packages/tensorflow/python/saved_model/builder_impl.py", line 88, in __init__
    "directory: %s" % export_dir)
AssertionError: Export directory already exists. Please specify a different export directory: /tmp/saved_models/1/
navaneeth@Droidbuddha:~/tensorflow$ sudo python tensorflow/examples/image_retraining/retrain.py --bottleneck_dir=tf_files/bottlenecks --how_many_training_steps 500 --model_dir=//home/navaneeth/tensorflow/tf_files/inception --output_graph=/tf_files/retrained_graph.pb --output_labels=/tf_files/retrained_labels.txt --image_dir //home/navaneeth/tf_files/star_wars 
INFO:tensorflow:Looking for images in 'darth vader'
INFO:tensorflow:Looking for images in 'minions'
>> Downloading inception-2015-12-05.tgz 40.1%^Z
[1]+  Stopped                 sudo python tensorflow/examples/image_retraining/retrain.py --bottleneck_dir=tf_files/bottlenecks --how_many_training_steps 500 --model_dir=//home/navaneeth/tensorflow/tf_files/inception --output_graph=/tf_files/retrained_graph.pb --output_labels=/tf_files/retrained_labels.txt --image_dir //home/navaneeth/tf_files/star_wars
navaneeth@Droidbuddha:~/tensorflow$ 

